Loading pytorch/1.13.1-gpu
  Loading requirement: nvidia/cudnn/8.6.0-cuda-11.6 nvidia/tensorrt/8.4.3.1-u2
    gcc/8.2.0 nvidia/nvhpc-nompi/22.2 openmpi/4.1.4-cuda-11.6 python/3.10.8-gpu
    libsndfile/1.0.28
Observation:  [[-0.39535822 -0.2952771  -0.34131654 -0.97278965 -0.60125154 -1.62972816
   7.77093131]]
Number of Actions:  27
Action Chosen:  15  --> Decisions: [1, 2, 0]
Max Value: 1.2484629
Values:  [[-0.08133882 -0.41076857  0.33029068 -0.30855435 -0.44996592 -0.8242602
   0.27350655 -0.3572289   0.11627697  0.93385816 -1.1966792  -1.1437951
  -0.2601024  -0.29627308  0.39227638  1.2484629   0.44430584  0.57937694
   0.37685093  1.1732122  -0.3564344  -0.2675454  -0.71327674 -0.16793787
  -0.30020082  0.86232483  0.69992524]]

Next Observation: [[-0.39535822  8.15868103 -0.34131654 -0.94305573 -0.43230549 -1.64649477
  -0.26790497]]
Reward: -390.9779999999955
Done: False
Info: {'cur_val': 19609.022000000004}
