The sum of the first 100 numbers is: 5050
Generating '/dev/shm/n2134758_5726960/nsys-report-3ed5.qdstrm'
[1/1] [0%                          ] nsight1.nsys-rep[1/1] [0%                          ] nsight1.nsys-rep[1/1] [==21%                       ] nsight1.nsys-rep[1/1] [==========49%               ] nsight1.nsys-rep[1/1] [==================77%       ] nsight1.nsys-rep[1/1] [==================78%       ] nsight1.nsys-rep[1/1] [====================85%     ] nsight1.nsys-rep[1/1] [=====================86%    ] nsight1.nsys-rep[1/1] [=====================87%    ] nsight1.nsys-rep[1/1] [=====================88%    ] nsight1.nsys-rep[1/1] [=====================89%    ] nsight1.nsys-rep[1/1] [=======================95%  ] nsight1.nsys-rep[1/1] [=======================96%  ] nsight1.nsys-rep[1/1] [========================98% ] nsight1.nsys-rep[1/1] [========================99% ] nsight1.nsys-rep[1/1] [========================100%] nsight1.nsys-rep[1/1] [========================100%] nsight1.nsys-rep
Generated:
    /mnt/lustre/e1000/home/mdisspt/mdisspt/n2134758/test_nsight/nsight1.nsys-rep
